// Jest Snapshot v1, https://goo.gl/fbAQLP

exports[`renders loading 1`] = `
<div
  class="loading"
  data-testid="loading"
>
  <div
    class="loadingIcon"
  >
    <svg>
      loading.svg
    </svg>
  </div>
</div>
`;
