// Jest Snapshot v1, https://goo.gl/fbAQLP

exports[`renders race card 1`] = `
<section
  class="card card_accent"
  data-testid="card"
>
  <header
    class="header"
  >
    <span
      class="text size_m regular"
      data-testid="text"
    >
      Winner 
      2022
    </span>
  </header>
  <div
    class="content"
  >
    <div
      class="content"
    >
      <div
        class="flag"
      >
        <div
          class="flag flag_l fi fi-es"
          data-testid="flag"
        />
      </div>
      <div
        class="info"
      >
        <div
          class="title"
        >
          <span
            class="text size_xxl semibold"
            data-testid="text"
          >
            Charles Leclerc
          </span>
        </div>
        <div
          class="team"
        >
          <div
            class="badge badge_m badge_style_primary badge_align_center"
            data-testid="badge"
          >
            <div
              class="team"
            >
              <span
                class="text size_s regular"
                data-testid="text"
              >
                RED BULL
              </span>
            </div>
          </div>
        </div>
      </div>
      <div
        class="stat"
      >
        <div
          class="badge badge_l badge_style_info badge_align_center"
          data-testid="badge"
        >
          <h6
            class="caption"
            data-testid="caption"
          >
            <span
              class="text size_s regular"
              data-testid="text"
            >
              Points
            </span>
          </h6>
          <span
            class="text size_xxl regular"
            data-testid="text"
          >
            256
          </span>
        </div>
      </div>
    </div>
  </div>
</section>
`;
